
> hardware-ai-support-console@0.1.0 dev
> vite


  [32m[1mVITE[22m v7.3.6[39m  [2mready in [0m[1m148[22m[2m[0m ms[22m

  [32m➜[39m  [1mLocal[22m:   [36mhttp://localhost:[1m5173[22m/[39m
[2m  [32m➜[39m  [1mNetwork[22m[2m: use [22m[1m--host[22m[2m to expose[22m
[2m22:25:38[22m [36m[1m[vite][22m[39m [90m[2m(client)[22m[39m [32mhmr update [39m[2m/src/app/Root.tsx, /src/console/ConsoleLayout.tsx, /src/pages/Login.tsx, /src/console/HandoffsPage.tsx, /src/console/SearchPage.tsx, /src/console/QrsPage.tsx, /src/console/ProductsPage.tsx, /src/console/DocumentsPage.tsx, /src/pages/SupportPage.tsx, /src/console/FlowsPage.tsx, /src/index.css[22m
[2m22:29:01[22m [36m[1m[vite][22m[39m [90m[2m(client)[22m[39m [32mhmr update [39m[2m/src/app/Root.tsx, /src/index.css[22m
[2m22:29:01[22m [36m[1m[vite][22m[39m [90m[2m(client)[22m[39m [32mpage reload [39m[2msrc/main.tsx[22m
[2m22:29:01[22m [36m[1m[vite][22m[39m [90m[2m(client)[22m[39m [32mhmr update [39m[2m/src/console/QrsPage.tsx, /src/index.css[22m
[2m22:29:01[22m [36m[1m[vite][22m[39m [90m[2m(client)[22m[39m [32mhmr update [39m[2m/src/console/SearchPage.tsx, /src/index.css[22m
[2m22:29:01[22m [36m[1m[vite][22m[39m [90m[2m(client)[22m[39m [32mhmr update [39m[2m/src/console/ConsoleLayout.tsx, /src/index.css[22m
[2m22:29:01[22m [36m[1m[vite][22m[39m [90m[2m(client)[22m[39m [32mhmr update [39m[2m/src/pages/SupportPage.tsx, /src/index.css[22m
[2m22:29:01[22m [36m[1m[vite][22m[39m [90m[2m(client)[22m[39m [32mhmr update [39m[2m/src/index.css[22m
[2m22:29:01[22m [36m[1m[vite][22m[39m [90m[2m(client)[22m[39m [32mhmr update [39m[2m/src/index.css[22m
[2m22:29:01[22m [36m[1m[vite][22m[39m [90m[2m(client)[22m[39m [32mhmr update [39m[2m/src/index.css[22m
[2m22:29:01[22m [36m[1m[vite][22m[39m [90m[2m(client)[22m[39m [32mhmr update [39m[2m/src/index.css[22m
[2m22:29:01[22m [36m[1m[vite][22m[39m [90m[2m(client)[22m[39m [32mhmr update [39m[2m/src/console/DocumentsPage.tsx, /src/index.css[22m
[2m22:29:01[22m [36m[1m[vite][22m[39m [90m[2m(client)[22m[39m [32mhmr update [39m[2m/src/console/HandoffsPage.tsx, /src/index.css[22m
[2m22:29:01[22m [36m[1m[vite][22m[39m [90m[2m(client)[22m[39m [32mhmr update [39m[2m/src/console/FlowsPage.tsx, /src/index.css[22m
[2m22:29:01[22m [36m[1m[vite][22m[39m [90m[2m(client)[22m[39m [32mhmr update [39m[2m/src/console/ProductsPage.tsx, /src/index.css[22m
[2m22:29:01[22m [36m[1m[vite][22m[39m [90m[2m(client)[22m[39m [32mhmr update [39m[2m/src/pages/Login.tsx, /src/index.css[22m
[2m22:29:01[22m [36m[1m[vite][22m[39m [90m[2m(client)[22m[39m [32mhmr update [39m[2m/src/index.css, /src/components/ui.tsx[22m
[2m22:29:01[22m [36m[1m[vite][22m[39m [90m[2m(client)[22m[39m [32mhmr update [39m[2m/src/app/Root.tsx, /src/console/ConsoleLayout.tsx, /src/pages/Login.tsx, /src/console/HandoffsPage.tsx, /src/console/SearchPage.tsx, /src/console/QrsPage.tsx, /src/console/ProductsPage.tsx, /src/console/DocumentsPage.tsx, /src/pages/SupportPage.tsx, /src/console/FlowsPage.tsx, /src/index.css[22m
[2m22:29:01[22m [36m[1m[vite][22m[39m [32mvite.config.ts changed, restarting server...[39m
[2m22:29:01[22m [36m[1m[vite][22m[39m changed tsconfig file detected: C:/myproject/customservice/repos/frontend/tsconfig.json - Clearing cache and forcing full-reload to ensure TypeScript is compiled with updated config values.
[2m22:29:01[22m [36m[1m[vite][22m[39m server restarted.
[2m22:29:30[22m [36m[1m[vite][22m[39m [90m[2m(client)[22m[39m [32mhmr update [39m[2m/src/index.css[22m
[2m22:30:06[22m [36m[1m[vite][22m[39m [90m[2m(client)[22m[39m [32mpage reload [39m[2msrc/main.tsx[22m
[2m22:30:35[22m [36m[1m[vite][22m[39m [90m[2m(client)[22m[39m [32mpage reload [39m[2msrc/main.tsx[22m
[2m22:30:37[22m [36m[1m[vite][22m[39m [90m[2m(client)[22m[39m [32mpage reload [39m[2msrc/main.tsx[22m
[2m22:31:48[22m [36m[1m[vite][22m[39m [90m[2m(client)[22m[39m [32mhmr update [39m[2m/src/components/ui.tsx, /src/index.css[22m
[2m22:32:00[22m [36m[1m[vite][22m[39m [90m[2m(client)[22m[39m [32mhmr update [39m[2m/src/components/ui.tsx, /src/index.css[22m
[2m22:36:05[22m [36m[1m[vite][22m[39m [90m[2m(client)[22m[39m [32mhmr update [39m[2m/src/index.css, /src/i18n/index.tsx[22m
[2m22:36:05[22m [36m[1m[vite][22m[39m [90m[2m(client)[22m[39m [33mhmr invalidate [39m[2m/src/i18n/index.tsx[22m Could not Fast Refresh ("LANGS" export is incompatible). Learn more at https://github.com/vitejs/vite-plugin-react/tree/main/packages/plugin-react#consistent-components-exports
[2m22:36:05[22m [36m[1m[vite][22m[39m [90m[2m(client)[22m[39m [32mpage reload [39m[2msrc/i18n/index.tsx[22m
[2m22:36:08[22m [36m[1m[vite][22m[39m [90m[2m(client)[22m[39m [32mhmr update [39m[2m/src/index.css, /src/i18n/index.tsx[22m
[2m22:36:08[22m [36m[1m[vite][22m[39m [90m[2m(client)[22m[39m [33mhmr invalidate [39m[2m/src/i18n/index.tsx[22m Could not Fast Refresh ("LANGS" export is incompatible). Learn more at https://github.com/vitejs/vite-plugin-react/tree/main/packages/plugin-react#consistent-components-exports
[2m22:36:08[22m [36m[1m[vite][22m[39m [90m[2m(client)[22m[39m [32mpage reload [39m[2msrc/i18n/index.tsx[22m
[2m22:37:58[22m [36m[1m[vite][22m[39m [90m[2m(client)[22m[39m [32mhmr update [39m[2m/src/pages/SupportPage.tsx, /src/index.css[22m
[2m22:38:08[22m [36m[1m[vite][22m[39m [90m[2m(client)[22m[39m [32mhmr update [39m[2m/src/index.css, /src/i18n/index.tsx[22m
[2m22:38:10[22m [36m[1m[vite][22m[39m [90m[2m(client)[22m[39m [32mhmr update [39m[2m/src/index.css, /src/i18n/index.tsx[22m
[2m22:38:13[22m [36m[1m[vite][22m[39m [90m[2m(client)[22m[39m [32mhmr update [39m[2m/src/pages/SupportPage.tsx, /src/index.css[22m
[2m22:39:00[22m [36m[1m[vite][22m[39m [90m[2m(client)[22m[39m [32mhmr update [39m[2m/src/index.css, /src/i18n/index.tsx[22m
[2m22:39:02[22m [36m[1m[vite][22m[39m [90m[2m(client)[22m[39m [32mhmr update [39m[2m/src/index.css, /src/i18n/index.tsx[22m
[2m22:39:12[22m [36m[1m[vite][22m[39m [90m[2m(client)[22m[39m [32mhmr update [39m[2m/src/pages/Login.tsx, /src/index.css[22m
[2m22:39:26[22m [36m[1m[vite][22m[39m [90m[2m(client)[22m[39m [32mhmr update [39m[2m/src/console/ConsoleLayout.tsx, /src/index.css[22m
[2m22:39:42[22m [36m[1m[vite][22m[39m [90m[2m(client)[22m[39m [32mpage reload [39m[2msrc/main.tsx[22m
[2m22:39:42[22m [36m[1m[vite][22m[39m [90m[2m(client)[22m[39m [32mhmr update [39m[2m/src/i18n/index.tsx, /src/index.css[22m
[2m22:39:42[22m [36m[1m[vite][22m[39m [90m[2m(client)[22m[39m [32mhmr update [39m[2m/src/components/ui.tsx, /src/index.css[22m
[2m22:39:42[22m [36m[1m[vite][22m[39m [90m[2m(client)[22m[39m [32mhmr update [39m[2m/src/pages/Login.tsx, /src/index.css[22m
[2m22:39:42[22m [36m[1m[vite][22m[39m [90m[2m(client)[22m[39m [32mhmr update [39m[2m/src/index.css, /src/i18n/index.tsx[22m
[2m22:39:42[22m [36m[1m[vite][22m[39m [90m[2m(client)[22m[39m [32mhmr update [39m[2m/src/index.css, /src/i18n/index.tsx[22m
[2m22:39:42[22m [36m[1m[vite][22m[39m [90m[2m(client)[22m[39m [32mhmr update [39m[2m/src/pages/SupportPage.tsx, /src/index.css[22m
